// Jest Snapshot v1, https://goo.gl/fbAQLP

exports[`UserList component displays loading state 1`] = `
<DocumentFragment>
  <h6
    class="MuiTypography-root MuiTypography-h6 css-1miy0lu-MuiTypography-root"
  >
    Chargement...
  </h6>
</DocumentFragment>
`;
